<?xml version="1.0" encoding="utf-8"?><testsuites name="pytest tests"><testsuite name="pytest" errors="0" failures="0" skipped="0" tests="294" time="6.920" timestamp="2026-09-28T01:35:04.832500+00:00" hostname="2acb23dc1891"><testcase classname="tests.test_agreement" name="test_empty_outputs_not_perfect_factual_agreement" time="0.026" /><testcase classname="tests.test_agreement" name="test_both_failures_never_count_as_agreement" time="0.000" /><testcase classname="tests.test_agreement" name="test_critical_qualifiers_cannot_be_normalized_away[assertion-absent]" time="0.001" /><testcase classname="tests.test_agreement" name="test_critical_qualifiers_cannot_be_normalized_away[subject-family_member]" time="0.001" /><testcase classname="tests.test_agreement" name="test_critical_qualifiers_cannot_be_normalized_away[temporality-historical]" time="0.001" /><testcase classname="tests.test_agreement" name="test_critical_qualifiers_cannot_be_normalized_away[laterality-left]" time="0.002" /><testcase classname="tests.test_agreement" name="test_critical_qualifiers_cannot_be_normalized_away[verification_status-unconfirmed]" time="0.002" /><testcase classname="tests.test_agreement" name="test_local_tumor_ids_do_not_create_false_disagreement" time="0.003" /><testcase classname="tests.test_agreement" name="test_evidence_span_agreement_different_from_fact_agreement" time="0.001" /><testcase classname="tests.test_agreement" name="test_repeated_quotes_are_not_assigned_arbitrary_spans" time="0.001" /><testcase classname="tests.test_agreement" name="test_documentation_unknown_not_equated_to_silence" time="0.001" /><testcase classname="tests.test_agreement" name="test_source_revision_mismatch_rejected" time="0.001" /><testcase classname="tests.test_agreement" name="test_cluster_bootstrap_keeps_related_records_together" time="0.001" /><testcase classname="tests.test_agreement" name="test_paired_exact_test_and_holm_reference" time="0.001" /><testcase classname="tests.test_agreement" name="test_gold_negative_cases_not_satisfied_by_failed_extraction" time="0.000" /><testcase classname="tests.test_agreement" name="test_partial_gold_does_not_claim_f1" time="0.001" /><testcase classname="tests.test_agreement" name="test_interval_overlap_merges_overlapping_quotes" time="0.000" /><testcase classname="tests.test_agreement" name="test_gold_unit_case_is_not_silently_normalized" time="0.000" /><testcase classname="tests.test_article_map" name="test_crosswalk_preserves_all_original_values" time="0.002" /><testcase classname="tests.test_article_map" name="test_bad_crosswalk_fails_without_publishing[hash]" time="0.002" /><testcase classname="tests.test_article_map" name="test_bad_crosswalk_fails_without_publishing[review]" time="0.001" /><testcase classname="tests.test_article_map" name="test_bad_crosswalk_fails_without_publishing[identifier]" time="0.001" /><testcase classname="tests.test_article_map" name="test_bad_crosswalk_fails_without_publishing[absent_row]" time="0.002" /><testcase classname="tests.test_article_map" name="test_bad_crosswalk_fails_without_publishing[duplicate]" time="0.001" /><testcase classname="tests.test_negative_cases" name="test_each_schema_accepts_empty_undocumented_output[case_context]" time="0.001" /><testcase classname="tests.test_negative_cases" name="test_each_schema_accepts_empty_undocumented_output[demographics]" time="0.000" /><testcase classname="tests.test_negative_cases" name="test_each_schema_accepts_empty_undocumented_output[conditions]" time="0.000" /><testcase classname="tests.test_negative_cases" name="test_each_schema_accepts_empty_undocumented_output[symptoms_function]" time="0.001" /><testcase classname="tests.test_negative_cases" name="test_each_schema_accepts_empty_undocumented_output[medications]" time="0.000" /><testcase classname="tests.test_negative_cases" name="test_each_schema_accepts_empty_undocumented_output[allergies]" time="0.001" /><testcase classname="tests.test_negative_cases" name="test_each_schema_accepts_empty_undocumented_output[procedures_devices]" time="0.000" /><testcase classname="tests.test_negative_cases" name="test_each_schema_accepts_empty_undocumented_output[observations]" time="0.000" /><testcase classname="tests.test_negative_cases" name="test_each_schema_accepts_empty_undocumented_output[oncology]" time="0.001" /><testcase classname="tests.test_negative_cases" name="test_each_schema_accepts_empty_undocumented_output[family_genetics]" time="0.000" /><testcase classname="tests.test_negative_cases" name="test_each_schema_accepts_empty_undocumented_output[reproductive_perinatal]" time="0.001" /><testcase classname="tests.test_negative_cases" name="test_each_schema_accepts_empty_undocumented_output[social_exposures]" time="0.000" /><testcase classname="tests.test_negative_cases" name="test_each_schema_accepts_empty_undocumented_output[outcomes]" time="0.000" /><testcase classname="tests.test_negative_cases" name="test_each_schema_accepts_empty_undocumented_output[care_plans]" time="0.001" /><testcase classname="tests.test_negative_cases" name="test_unknown_domain_requires_and_checks_quoted_support[case_context]" time="0.001" /><testcase classname="tests.test_negative_cases" name="test_unknown_domain_requires_and_checks_quoted_support[demographics]" time="0.001" /><testcase classname="tests.test_negative_cases" name="test_unknown_domain_requires_and_checks_quoted_support[conditions]" time="0.000" /><testcase classname="tests.test_negative_cases" name="test_unknown_domain_requires_and_checks_quoted_support[symptoms_function]" time="0.000" /><testcase classname="tests.test_negative_cases" name="test_unknown_domain_requires_and_checks_quoted_support[medications]" time="0.001" /><testcase classname="tests.test_negative_cases" name="test_unknown_domain_requires_and_checks_quoted_support[allergies]" time="0.000" /><testcase classname="tests.test_negative_cases" name="test_unknown_domain_requires_and_checks_quoted_support[procedures_devices]" time="0.001" /><testcase classname="tests.test_negative_cases" name="test_unknown_domain_requires_and_checks_quoted_support[observations]" time="0.000" /><testcase classname="tests.test_negative_cases" name="test_unknown_domain_requires_and_checks_quoted_support[oncology]" time="0.001" /><testcase classname="tests.test_negative_cases" name="test_unknown_domain_requires_and_checks_quoted_support[family_genetics]" time="0.000" /><testcase classname="tests.test_negative_cases" name="test_unknown_domain_requires_and_checks_quoted_support[reproductive_perinatal]" time="0.001" /><testcase classname="tests.test_negative_cases" name="test_unknown_domain_requires_and_checks_quoted_support[social_exposures]" time="0.000" /><testcase classname="tests.test_negative_cases" name="test_unknown_domain_requires_and_checks_quoted_support[outcomes]" time="0.001" /><testcase classname="tests.test_negative_cases" name="test_unknown_domain_requires_and_checks_quoted_support[care_plans]" time="0.002" /><testcase classname="tests.test_negative_cases" name="test_doc_status_cannot_hide_positive_or_explicit_negative_items" time="0.000" /><testcase classname="tests.test_negative_cases" name="test_empty_documented_status_rejected" time="0.001" /><testcase classname="tests.test_negative_cases" name="test_pending_test_cannot_be_negative_result" time="0.001" /><testcase classname="tests.test_negative_cases" name="test_reported_negative_test_is_not_missing" time="0.001" /><testcase classname="tests.test_negative_cases" name="test_blank_limitations_cannot_claim_limited_coverage" time="0.000" /><testcase classname="tests.test_negative_cases" name="test_refuted_condition_cannot_be_affirmed" time="0.001" /><testcase classname="tests.test_negative_cases" name="test_nkda_cannot_negate_food_allergies" time="0.000" /><testcase classname="tests.test_pmc_media" name="test_manifest_urls_not_invented_and_checksum_preserved" time="0.001" /><testcase classname="tests.test_pmc_media" name="test_only_public_pmc_bucket_is_allowed[http://evil.invalid/x.xml]" time="0.000" /><testcase classname="tests.test_pmc_media" name="test_only_public_pmc_bucket_is_allowed[https://169.254.169.254/a.xml]" time="0.000" /><testcase classname="tests.test_pmc_media" name="test_only_public_pmc_bucket_is_allowed[file:///etc/passwd]" time="0.000" /><testcase classname="tests.test_pmc_media" name="test_only_public_pmc_bucket_is_allowed[data:image/png;base64,xxxx]" time="0.000" /><testcase classname="tests.test_pmc_media" name="test_only_public_pmc_bucket_is_allowed[https://user:pass@pmc-oa-opendata.s3.amazonaws.com/x.xml]" time="0.001" /><testcase classname="tests.test_pmc_media" name="test_only_public_pmc_bucket_is_allowed[https://pmc-oa-opendata.s3.amazonaws.com/a/../x.xml]" time="0.001" /><testcase classname="tests.test_pmc_media" name="test_only_public_pmc_bucket_is_allowed[s3://other-bucket/a.xml]" time="0.000" /><testcase classname="tests.test_pmc_media" name="test_s3_to_https_conversion_preserves_path_and_query" time="0.000" /><testcase classname="tests.test_pmc_media" name="test_caption_inline_markup_and_unicode" time="0.001" /><testcase classname="tests.test_pmc_media" name="test_no_guessing_jpg_extensions_when_not_in_manifest" time="0.001" /><testcase classname="tests.test_pmc_media" name="test_manifest_images_not_all_assigned_to_first_figure" time="0.001" /><testcase classname="tests.test_pmc_media" name="test_no_figures_is_distinct_from_unassigned_images" time="0.000" /><testcase classname="tests.test_pmc_media" name="test_multiple_figure_panels_not_independently_assigned_to_patient" time="0.000" /><testcase classname="tests.test_pmc_media" name="test_external_same_filename_is_not_aliased_to_local_image" time="0.001" /><testcase classname="tests.test_pmc_media" name="test_figure_group_caption_retained" time="0.001" /><testcase classname="tests.test_pmc_media" name="test_standalone_graphic_group_is_a_figure_record" time="0.001" /><testcase classname="tests.test_pmc_media" name="test_reject_entity_expansion" time="0.000" /><testcase classname="tests.test_pmc_media" name="test_wrong_article_xml_rejected" time="0.001" /><testcase classname="tests.test_pmc_media" name="test_wrong_article_pmid_rejected" time="0.001" /><testcase classname="tests.test_pmc_media" name="test_metadata_requires_matching_version" time="0.000" /><testcase classname="tests.test_pmc_media" name="test_namespace_qualified_jats_supported" time="0.001" /><testcase classname="tests.test_pmc_media" name="test_image_video_spreadsheet_kinds_not_conflated" time="0.000" /><testcase classname="tests.test_pmc_media" name="test_figure_specific_attribution_retained_without_permission_inference" time="0.001" /><testcase classname="tests.test_pmc_media" name="test_manifest_media_cannot_point_to_other_article" time="0.000" /><testcase classname="tests.test_pmc_media" name="test_manifest_media_cannot_point_to_other_version" time="0.000" /><testcase classname="tests.test_pmc_media" name="test_parent_relative_graphic_is_not_matched_by_basename" time="0.000" /><testcase classname="tests.test_pmc_media" name="test_metadata_flags_are_nullable_booleans[no-False]" time="0.000" /><testcase classname="tests.test_pmc_media" name="test_metadata_flags_are_nullable_booleans[yes-True]" time="0.001" /><testcase classname="tests.test_pmc_media" name="test_metadata_flags_are_nullable_booleans[False-False0]" time="0.001" /><testcase classname="tests.test_pmc_media" name="test_metadata_flags_are_nullable_booleans[False-False1]" time="0.000" /><testcase classname="tests.test_pmc_media" name="test_metadata_flags_are_nullable_booleans[1-True]" time="0.000" /><testcase classname="tests.test_pmc_media" name="test_metadata_flags_are_nullable_booleans[None-None]" time="0.000" /><testcase classname="tests.test_pmc_media" name="test_metadata_flags_are_nullable_booleans[unknown-None]" time="0.000" /><testcase classname="tests.test_provenance" name="test_preserve_all_original_fields_and_types_without_mutation" time="0.001" /><testcase classname="tests.test_provenance" name="test_numeric_pmc_namespace_stays_unresolved_without_crosswalk" time="0.000" /><testcase classname="tests.test_provenance" name="test_explicit_identifier_urls[https://pubmed.ncbi.nlm.nih.gov/23193287/-expected0]" time="0.000" /><testcase classname="tests.test_provenance" name="test_explicit_identifier_urls[https://pmc.ncbi.nlm.nih.gov/articles/PMC3531190.2/-expected1]" time="0.001" /><testcase classname="tests.test_provenance" name="test_explicit_identifier_urls[https://www.ncbi.nlm.nih.gov/pmc/articles/PMC3531190/-expected2]" time="0.000" /><testcase classname="tests.test_provenance" name="test_explicit_identifier_urls[https://doi.org/10.1093/nar/gks1195-expected3]" time="0.000" /><testcase classname="tests.test_provenance" name="test_explicit_identifier_urls[https://evil.example/23193287/-expected4]" time="0.000" /><testcase classname="tests.test_provenance" name="test_explicit_identifier_urls[https://pubmed.ncbi.nlm.nih.gov.evil.example/23193287/-expected5]" time="0.000" /><testcase classname="tests.test_provenance" name="test_explicit_identifier_urls[http://user:password@pubmed.ncbi.nlm.nih.gov/23193287/-expected6]" time="0.001" /><testcase classname="tests.test_provenance" name="test_explicit_identifier_urls[file:///etc/passwd-expected7]" time="0.000" /><testcase classname="tests.test_provenance" name="test_identifier_conflict_not_overwritten" time="0.000" /><testcase classname="tests.test_provenance" name="test_references_inside_case_text_are_not_source_identifiers" time="0.000" /><testcase classname="tests.test_provenance" name="test_original_row_integrity_detects_extra_column_change" time="0.000" /><testcase classname="tests.test_provenance" name="test_source_text_cannot_be_changed_separately" time="0.000" /><testcase classname="tests.test_provenance" name="test_idempotent_multimedia_and_original_preservation" time="0.000" /><testcase classname="tests.test_provenance" name="test_duplicate_source_ids_preserve_every_row_and_order" time="0.002" /><testcase classname="tests.test_provenance" name="test_same_article_cases_share_statistical_and_distillation_cluster" time="0.000" /><testcase classname="tests.test_provenance" name="test_original_and_media_provenance_are_in_input_identity" time="0.001" /><testcase classname="tests.test_provenance" name="test_full_source_reaches_extraction_index_and_cohort" time="0.197" /><testcase classname="tests.test_reasoning_capture" name="test_reasoning_aliases_count_once_and_preserve_raw" time="0.000" /><testcase classname="tests.test_reasoning_capture" name="test_missing_empty_opaque_and_disabled_reasoning_are_distinct" time="0.000" /><testcase classname="tests.test_reasoning_capture" name="test_reasoning_saved_next_to_extraction_and_patient_row" time="0.183" /><testcase classname="tests.test_reasoning_capture" name="test_failed_retry_reasoning_is_preserved_without_mixing" time="0.016" /><testcase classname="tests.test_reasoning_capture" name="test_distillation_review_required_and_reasoning_opt_in" time="0.235" /><testcase classname="tests.test_reasoning_capture" name="test_stale_review_cannot_approve_changed_source" time="0.205" /><testcase classname="tests.test_reasoning_capture" name="test_token_profile_independent_of_seed_but_not_effort" time="0.184" /><testcase classname="tests.test_reasoning_study" name="test_study_design_equal_budgets_and_only_effort_and_seed_change" time="0.020" /><testcase classname="tests.test_reasoning_study" name="test_study_refuses_arbitrary_model_control" time="0.001" /><testcase classname="tests.test_reasoning_study" name="test_study_e2e_strictly_within_one_model_and_resume" time="0.171" /><testcase classname="tests.test_reasoning_study" name="test_frozen_sample_edit_rejected" time="0.017" /><testcase classname="tests.test_reasoning_study" name="test_edited_effort_config_rejected_before_http" time="0.018" /><testcase classname="tests.test_reasoning_study" name="test_incomplete_study_does_not_silently_report_success" time="0.017" /><testcase classname="tests.test_reasoning_study" name="test_analysis_refuses_different_model_manifest" time="0.152" /><testcase classname="tests.test_reasoning_study" name="test_gold_freeze_and_external_adjudication_provenance" time="0.176" /><testcase classname="tests.test_reasoning_study" name="test_grouping_metadata_changes_input_provenance_hash" time="0.001" /><testcase classname="tests.test_reasoning_study" name="test_study_checks_context_capacity_during_cpu_preparation" time="0.024" /><testcase classname="tests.test_runtime" name="test_identical_prefix_before_each_task" time="0.035" /><testcase classname="tests.test_runtime" name="test_stable_endpoint_affinity" time="0.001" /><testcase classname="tests.test_runtime" name="test_signature_changes_with_checkpoint_and_generation" time="0.026" /><testcase classname="tests.test_runtime" name="test_pipeline_all_tasks_then_resume_no_http" time="0.245" /><testcase classname="tests.test_runtime" name="test_changed_revision_invalidates_resume" time="0.375" /><testcase classname="tests.test_runtime" name="test_http_failure_not_silently_retried_as_prompt" time="0.012" /><testcase classname="tests.test_runtime" name="test_length_retry_increases_budget" time="0.015" /><testcase classname="tests.test_runtime" name="test_invalid_evidence_repair_suffix_after_note" time="0.015" /><testcase classname="tests.test_runtime" name="test_transport_retry_recorded" time="0.014" /><testcase classname="tests.test_runtime" name="test_required_profile_and_overflow" time="0.172" /><testcase classname="tests.test_runtime" name="test_tokenizer_uses_rendered_chat_template" time="0.026" /><testcase classname="tests.test_runtime" name="test_usage_unknown_not_zero" time="0.000" /><testcase classname="tests.test_runtime" name="test_reasoning_not_double_counted" time="0.000" /><testcase classname="tests.test_runtime" name="test_reserved_api_overrides_rejected" time="0.001" /><testcase classname="tests.test_runtime" name="test_prepare_preserves_source_and_keeps_duplicate_ids" time="0.002" /><testcase classname="tests.test_runtime" name="test_deferred_cpu_export" time="0.174" /><testcase classname="tests.test_runtime" name="test_source_provenance_invalidates_result_cache" time="0.414" /><testcase classname="tests.test_runtime" name="test_cli_failure_exit_status" time="0.005" /><testcase classname="tests.test_runtime" name="test_cli_restores_termination_handler" time="0.001" /><testcase classname="tests.test_schema_validation" name="test_each_fixture_structurally_valid[case_context]" time="0.011" /><testcase classname="tests.test_schema_validation" name="test_each_fixture_structurally_valid[demographics]" time="0.017" /><testcase classname="tests.test_schema_validation" name="test_each_fixture_structurally_valid[conditions]" time="0.016" /><testcase classname="tests.test_schema_validation" name="test_each_fixture_structurally_valid[symptoms_function]" time="0.020" /><testcase classname="tests.test_schema_validation" name="test_each_fixture_structurally_valid[medications]" time="0.018" /><testcase classname="tests.test_schema_validation" name="test_each_fixture_structurally_valid[allergies]" time="0.016" /><testcase classname="tests.test_schema_validation" name="test_each_fixture_structurally_valid[procedures_devices]" time="0.019" /><testcase classname="tests.test_schema_validation" name="test_each_fixture_structurally_valid[observations]" time="0.024" /><testcase classname="tests.test_schema_validation" name="test_each_fixture_structurally_valid[oncology]" time="0.039" /><testcase classname="tests.test_schema_validation" name="test_each_fixture_structurally_valid[family_genetics]" time="0.022" /><testcase classname="tests.test_schema_validation" name="test_each_fixture_structurally_valid[reproductive_perinatal]" time="0.021" /><testcase classname="tests.test_schema_validation" name="test_each_fixture_structurally_valid[social_exposures]" time="0.018" /><testcase classname="tests.test_schema_validation" name="test_each_fixture_structurally_valid[outcomes]" time="0.016" /><testcase classname="tests.test_schema_validation" name="test_each_fixture_structurally_valid[care_plans]" time="0.013" /><testcase classname="tests.test_schema_validation" name="test_wire_schemas_strict_and_no_unsupported_unique_items[case_context]" time="0.014" /><testcase classname="tests.test_schema_validation" name="test_wire_schemas_strict_and_no_unsupported_unique_items[demographics]" time="0.017" /><testcase classname="tests.test_schema_validation" name="test_wire_schemas_strict_and_no_unsupported_unique_items[conditions]" time="0.017" /><testcase classname="tests.test_schema_validation" name="test_wire_schemas_strict_and_no_unsupported_unique_items[symptoms_function]" time="0.017" /><testcase classname="tests.test_schema_validation" name="test_wire_schemas_strict_and_no_unsupported_unique_items[medications]" time="0.019" /><testcase classname="tests.test_schema_validation" name="test_wire_schemas_strict_and_no_unsupported_unique_items[allergies]" time="0.014" /><testcase classname="tests.test_schema_validation" name="test_wire_schemas_strict_and_no_unsupported_unique_items[procedures_devices]" time="0.015" /><testcase classname="tests.test_schema_validation" name="test_wire_schemas_strict_and_no_unsupported_unique_items[observations]" time="0.019" /><testcase classname="tests.test_schema_validation" name="test_wire_schemas_strict_and_no_unsupported_unique_items[oncology]" time="0.039" /><testcase classname="tests.test_schema_validation" name="test_wire_schemas_strict_and_no_unsupported_unique_items[family_genetics]" time="0.021" /><testcase classname="tests.test_schema_validation" name="test_wire_schemas_strict_and_no_unsupported_unique_items[reproductive_perinatal]" time="0.017" /><testcase classname="tests.test_schema_validation" name="test_wire_schemas_strict_and_no_unsupported_unique_items[social_exposures]" time="0.016" /><testcase classname="tests.test_schema_validation" name="test_wire_schemas_strict_and_no_unsupported_unique_items[outcomes]" time="0.015" /><testcase classname="tests.test_schema_validation" name="test_wire_schemas_strict_and_no_unsupported_unique_items[care_plans]" time="0.016" /><testcase classname="tests.test_schema_validation" name="test_fabricated_evidence_rejected" time="0.001" /><testcase classname="tests.test_schema_validation" name="test_unknown_not_false_and_missing_key_rejected" time="0.001" /><testcase classname="tests.test_schema_validation" name="test_no_codes_or_extra_fields" time="0.000" /><testcase classname="tests.test_schema_validation" name="test_repeated_quote_retains_all_offsets" time="0.000" /><testcase classname="tests.test_schema_validation" name="test_tumor_reference_requires_same_section_target" time="0.000" /><testcase classname="tests.test_schema_validation" name="test_no_duplicate_tumor_ids" time="0.000" /><testcase classname="tests.test_schema_validation" name="test_invented_iso_date_rejected" time="0.001" /><testcase classname="tests.test_schema_validation" name="test_false_source_heading_rejected" time="0.000" /><testcase classname="tests.test_schema_validation" name="test_nkda_is_explicit_absence_not_empty_history" time="0.001" /><testcase classname="tests.test_schema_validation" name="test_family_cancer_subject_is_not_patient" time="0.000" /><testcase classname="tests.test_schema_validation" name="test_conflicting_conditions_preserved_for_review" time="0.000" /><testcase classname="tests.test_schema_validation" name="test_numeric_normalization_only_warning" time="0.001" /><testcase classname="tests.test_serving" name="test_all_profiles_fit_budget_and_render[k2-sglang-tp8.yaml]" time="0.003" /><testcase classname="tests.test_serving" name="test_all_profiles_fit_budget_and_render[k2-vllm-4x2.yaml]" time="0.002" /><testcase classname="tests.test_serving" name="test_all_profiles_fit_budget_and_render[k2-vllm-ngram.yaml]" time="0.002" /><testcase classname="tests.test_serving" name="test_all_profiles_fit_budget_and_render[k2-vllm-tp1-dp8.yaml]" time="0.003" /><testcase classname="tests.test_serving" name="test_all_profiles_fit_budget_and_render[k2-vllm-tp2-dp4.yaml]" time="0.002" /><testcase classname="tests.test_serving" name="test_all_profiles_fit_budget_and_render[k2-vllm-tp8.yaml]" time="0.002" /><testcase classname="tests.test_serving" name="test_all_profiles_fit_budget_and_render[motif-4x2-mtp.yaml]" time="0.002" /><testcase classname="tests.test_serving" name="test_all_profiles_fit_budget_and_render[motif-4x2-no-spec.yaml]" time="0.002" /><testcase classname="tests.test_serving" name="test_all_profiles_fit_budget_and_render[motif-dp8-mtp.yaml]" time="0.002" /><testcase classname="tests.test_serving" name="test_all_profiles_fit_budget_and_render[motif-dp8-no-spec.yaml]" time="0.002" /><testcase classname="tests.test_serving" name="test_all_profiles_fit_budget_and_render[motif-vendor2.yaml]" time="0.002" /><testcase classname="tests.test_serving" name="test_external_dp_has_disjoint_devices_and_explicit_rank" time="0.002" /><testcase classname="tests.test_serving" name="test_ep_not_additional_gpu_multiplier" time="0.001" /><testcase classname="tests.test_serving" name="test_mtp_uses_local_checkpoint_not_hub_download" time="0.002" /><testcase classname="tests.test_serving" name="test_vendor_internal_dp_does_not_pretend_rank_affinity" time="0.002" /><testcase classname="tests.test_serving" name="test_over_budget_rejected" time="0.001" /><testcase classname="tests.test_source_enrichment" name="test_same_paper_lookup_once_no_media_requested" time="0.010" /><testcase classname="tests.test_source_enrichment" name="test_second_run_offline_uses_cache_without_requests" time="0.009" /><testcase classname="tests.test_source_enrichment" name="test_offline_cache_miss_unknown_not_absent" time="0.053" /><testcase classname="tests.test_source_enrichment" name="test_network_failure_preserves_every_row_and_pmid_link" time="0.005" /><testcase classname="tests.test_source_enrichment" name="test_batch_identifier_results_matched_by_id_not_order" time="0.003" /><testcase classname="tests.test_source_enrichment" name="test_resolver_missing_record_is_not_no_pmc_match" time="0.008" /><testcase classname="tests.test_source_enrichment" name="test_homogeneous_batches_and_max_batch_size" time="0.005" /><testcase classname="tests.test_source_enrichment" name="test_explicit_pmcid_does_not_need_identifier_api" time="0.007" /><testcase classname="tests.test_source_enrichment" name="test_empty_listing_means_unavailable_not_no_figures" time="0.003" /><testcase classname="tests.test_source_enrichment" name="test_only_version_two_exists_never_assume_version_one" time="0.008" /><testcase classname="tests.test_source_enrichment" name="test_listing_pagination" time="0.005" /><testcase classname="tests.test_source_enrichment" name="test_broken_xml_is_partial_not_successful_empty" time="0.005" /><testcase classname="tests.test_source_enrichment" name="test_response_size_cap_and_mime_block" time="0.005" /><testcase classname="tests.test_source_enrichment" name="test_image_mime_even_on_json_path_is_rejected" time="0.004" /><testcase classname="tests.test_source_enrichment" name="test_retry_after_429" time="0.005" /><testcase classname="tests.test_source_enrichment" name="test_conflicting_metadata_does_not_attach_images_to_case" time="0.009" /><testcase classname="tests.test_source_enrichment" name="test_missing_contact_email_fails_before_network" time="0.012" /><testcase classname="tests.test_source_enrichment" name="test_no_article_record_does_not_need_api_email" time="0.011" /><testcase classname="tests.test_source_enrichment" name="test_source_enrichment_refuses_gpu_allocation" time="0.002" /><testcase classname="tests.test_source_enrichment" name="test_cache_ttl_and_explicit_stale_offline_marker" time="0.002" /><testcase classname="tests.test_terminology" name="test_catalog_exact_hierarchy_and_lexical" time="0.018" /><testcase classname="tests.test_terminology" name="test_catalog_ambiguous_exact_truncation" time="0.020" /><testcase classname="tests.test_terminology" name="test_normalization_does_not_erase_semantics[ HER2+ -her2+]" time="0.001" /><testcase classname="tests.test_terminology" name="test_normalization_does_not_erase_semantics[HER2--her2-]" time="0.000" /><testcase classname="tests.test_terminology" name="test_normalization_does_not_erase_semantics[Left Lung-left lung]" time="0.002" /><testcase classname="tests.test_terminology" name="test_normalization_does_not_erase_semantics[25.0 mg-25.0 mg]" time="0.000" /><testcase classname="tests.test_terminology" name="test_mapping_keeps_every_original_field" time="0.027" /><testcase classname="tests.test_terminology" name="test_catalog_and_occurrence_tamper_rejected[code]" time="0.026" /><testcase classname="tests.test_terminology" name="test_catalog_and_occurrence_tamper_rejected[version]" time="0.024" /><testcase classname="tests.test_terminology" name="test_catalog_and_occurrence_tamper_rejected[display]" time="0.024" /><testcase classname="tests.test_terminology" name="test_catalog_and_occurrence_tamper_rejected[fact]" time="0.022" /><testcase classname="tests.test_terminology" name="test_catalog_and_occurrence_tamper_rejected[source]" time="0.022" /><testcase classname="tests.test_terminology" name="test_catalog_and_occurrence_tamper_rejected[status]" time="0.023" /><testcase classname="tests.test_terminology" name="test_catalog_and_occurrence_tamper_rejected[id]" time="0.020" /><testcase classname="tests.test_terminology" name="test_catalog_and_occurrence_tamper_rejected[issues]" time="0.020" /><testcase classname="tests.test_terminology" name="test_catalog_and_occurrence_tamper_rejected[duplicate]" time="0.022" /><testcase classname="tests.test_terminology" name="test_empty_section_no_placeholder_mapping" time="0.020" /><testcase classname="tests.test_terminology" name="test_absent_catalog_is_explicit" time="0.043" /><testcase classname="tests.test_terminology" name="test_no_naked_official_alias_dictionary" time="0.005" /><testcase classname="tests.test_terminology" name="test_coded_cohort_respects_assertion_and_subject[present-index_patient]" time="0.052" /><testcase classname="tests.test_terminology" name="test_coded_cohort_respects_assertion_and_subject[absent-index_patient]" time="0.148" /><testcase classname="tests.test_terminology" name="test_coded_cohort_respects_assertion_and_subject[possible-index_patient]" time="0.041" /><testcase classname="tests.test_terminology" name="test_coded_cohort_respects_assertion_and_subject[present-family_member]" time="0.045" /><testcase classname="tests.test_terminology" name="test_hierarchy_version_and_query_evidence" time="0.041" /><testcase classname="tests.test_terminology" name="test_coded_output_requires_catalog" time="0.027" /><testcase classname="tests.test_terminology" name="test_model_never_generates_arbitrary_code" time="0.024" /><testcase classname="tests.test_terminology" name="test_hard_conflicts_block_selection[inactive_concept]" time="0.000" /><testcase classname="tests.test_terminology" name="test_hard_conflicts_block_selection[semantic_domain_mismatch]" time="0.000" /><testcase classname="tests.test_terminology" name="test_hard_conflicts_block_selection[conflicting_laterality]" time="0.001" /><testcase classname="tests.test_terminology" name="test_hard_conflicts_block_selection[undocumented_laterality]" time="0.000" /><testcase classname="tests.test_terminology" name="test_review_workflow_and_model_not_approved" time="0.039" /><testcase classname="tests.test_terminology" name="test_proposal_does_not_overwrite_exact_mapping" time="0.025" /><testcase classname="tests.test_terminology" name="test_stale_review_fails_atomically" time="0.022" /><testcase classname="tests.test_terminology" name="test_graph_no_reasoning_no_causality" time="0.027" /><testcase classname="tests.test_terminology" name="test_link_file_parallel_and_immutable" time="0.028" /><testcase classname="tests.test_terminology" name="test_request_template_defaults_and_integrity" time="0.022" /><testcase classname="tests.test_terminology" name="test_mock_selector_reasoning_and_resume" time="0.032" /><testcase classname="tests.test_terminology" name="test_missing_profile_rejected_before_api" time="0.001" /><testcase classname="tests.test_terminology" name="test_profile_overflow_rejected_before_api" time="0.036" /><testcase classname="tests.test_terminology" name="test_full_ontology_demo" time="0.298" /><testcase classname="tests.test_terminology" name="test_worker_exception_does_not_deadlock_queue" time="0.023" /><testcase classname="tests.test_terminology" name="test_selector_truncation_and_invalid_candidate_preserved" time="0.030" /><testcase classname="tests.test_vocabulary_imports" name="test_icd_import_retains_hierarchy_instructions_synonyms" time="0.005" /><testcase classname="tests.test_vocabulary_imports" name="test_loinc_keywords_are_not_exact_and_axes_retained" time="0.008" /><testcase classname="tests.test_vocabulary_imports" name="test_snomed_snapshot_dialect_hierarchy_and_inactive" time="0.028" /><testcase classname="tests.test_vocabulary_imports" name="test_snomed_snapshot_not_full" time="0.010" /><testcase classname="tests.test_vocabulary_imports" name="test_license_acknowledgement_required[snomed]" time="0.005" /><testcase classname="tests.test_vocabulary_imports" name="test_license_acknowledgement_required[loinc]" time="0.002" /><testcase classname="tests.test_vocabulary_imports" name="test_crosswalk_rules_are_not_auto_equivalence" time="0.007" /><testcase classname="tests.test_vocabulary_imports" name="test_bad_catalog_config_rejected[version]" time="0.002" /><testcase classname="tests.test_vocabulary_imports" name="test_bad_catalog_config_rejected[sha]" time="0.005" /><testcase classname="tests.test_vocabulary_imports" name="test_bad_catalog_config_rejected[duplicate]" time="0.003" /><testcase classname="tests.test_vocabulary_imports" name="test_bad_catalog_config_rejected[kind]" time="0.002" /><testcase classname="tests.test_vocabulary_imports" name="test_catalog_build_does_not_overwrite" time="0.007" /><testcase classname="tests.test_vocabulary_imports" name="test_loinc_missing_axis_headers_rejected" time="0.004" /><testcase classname="tests.test_vocabulary_imports" name="test_bad_local_hierarchy_rejected[cycle]" time="0.004" /><testcase classname="tests.test_vocabulary_imports" name="test_bad_local_hierarchy_rejected[dangling]" time="0.004" /><testcase classname="tests.test_vocabulary_imports" name="test_no_false_unique_from_low_candidate_limit" time="0.024" /><testcase classname="tests.test_warehouse" name="test_positive_cohort_evidence" time="0.046" /><testcase classname="tests.test_warehouse" name="test_default_source_gate_excludes_synthetic_fixture" time="0.036" /><testcase classname="tests.test_warehouse" name="test_biomarker_wrong_tumor_does_not_match" time="0.038" /><testcase classname="tests.test_warehouse" name="test_unknown_marker_not_positive" time="0.037" /><testcase classname="tests.test_warehouse" name="test_possible_cancer_not_confirmed_cohort" time="0.034" /><testcase classname="tests.test_warehouse" name="test_partial_scope_and_limited_coverage_excluded" time="0.037" /><testcase classname="tests.test_warehouse" name="test_cadaver_excluded" time="0.041" /><testcase classname="tests.test_warehouse" name="test_query_sql_injection_is_parameter_not_sql" time="0.031" /><testcase classname="tests.test_warehouse" name="test_one_to_one_matching_prevents_duplicate_true_positives" time="0.000" /><testcase classname="tests.test_warehouse" name="test_partial_gold_does_not_claim_precision" time="0.002" /><testcase classname="tests.test_warehouse" name="test_annotation_requires_subject_assertion_time" time="0.002" /><testcase classname="tests.test_warehouse" name="test_reasoning_is_not_copied_into_the_clinical_index" time="0.008" /></testsuite></testsuites>